// Vitest Snapshot v1, https://vitest.dev/guide/snapshot.html

exports[`AppSkeleton > should match snapshot 1`] = `
<DocumentFragment>
  <div
    class="backdrop"
    data-testid="skeleton"
    style="padding: 16px 0px; width: 100%;"
  >
    <div
      class="ant-skeleton ant-skeleton-active css-dev-only-do-not-override-1261szd"
    >
      <div
        class="ant-skeleton-content"
      >
        <h3
          class="ant-skeleton-title"
          style="width: 38%;"
        />
        <ul
          class="ant-skeleton-paragraph"
        >
          <li />
          <li />
          <li
            style="width: 61%;"
          />
        </ul>
      </div>
    </div>
    <div
      class="ant-skeleton ant-skeleton-active css-dev-only-do-not-override-1261szd"
    >
      <div
        class="ant-skeleton-content"
      >
        <h3
          class="ant-skeleton-title"
          style="width: 38%;"
        />
        <ul
          class="ant-skeleton-paragraph"
        >
          <li />
          <li />
          <li
            style="width: 61%;"
          />
        </ul>
      </div>
    </div>
    <div
      class="ant-skeleton ant-skeleton-active css-dev-only-do-not-override-1261szd"
    >
      <div
        class="ant-skeleton-content"
      >
        <h3
          class="ant-skeleton-title"
          style="width: 38%;"
        />
        <ul
          class="ant-skeleton-paragraph"
        >
          <li />
          <li />
          <li
            style="width: 61%;"
          />
        </ul>
      </div>
    </div>
    <div
      class="ant-skeleton ant-skeleton-active css-dev-only-do-not-override-1261szd"
    >
      <div
        class="ant-skeleton-content"
      >
        <h3
          class="ant-skeleton-title"
          style="width: 38%;"
        />
        <ul
          class="ant-skeleton-paragraph"
        >
          <li />
          <li />
          <li
            style="width: 61%;"
          />
        </ul>
      </div>
    </div>
    <div
      class="ant-skeleton ant-skeleton-active css-dev-only-do-not-override-1261szd"
    >
      <div
        class="ant-skeleton-content"
      >
        <h3
          class="ant-skeleton-title"
          style="width: 38%;"
        />
        <ul
          class="ant-skeleton-paragraph"
        >
          <li />
          <li />
          <li
            style="width: 61%;"
          />
        </ul>
      </div>
    </div>
  </div>
</DocumentFragment>
`;

exports[`appSkeleton > should match snapshot 1`] = `
<DocumentFragment>
  <div
    class="backdrop"
    data-testid="skeleton"
    style="padding: 16px 0px; width: 100%;"
  >
    <div
      class="ant-skeleton ant-skeleton-active css-dev-only-do-not-override-1261szd"
    >
      <div
        class="ant-skeleton-content"
      >
        <h3
          class="ant-skeleton-title"
          style="width: 38%;"
        />
        <ul
          class="ant-skeleton-paragraph"
        >
          <li />
          <li />
          <li
            style="width: 61%;"
          />
        </ul>
      </div>
    </div>
    <div
      class="ant-skeleton ant-skeleton-active css-dev-only-do-not-override-1261szd"
    >
      <div
        class="ant-skeleton-content"
      >
        <h3
          class="ant-skeleton-title"
          style="width: 38%;"
        />
        <ul
          class="ant-skeleton-paragraph"
        >
          <li />
          <li />
          <li
            style="width: 61%;"
          />
        </ul>
      </div>
    </div>
    <div
      class="ant-skeleton ant-skeleton-active css-dev-only-do-not-override-1261szd"
    >
      <div
        class="ant-skeleton-content"
      >
        <h3
          class="ant-skeleton-title"
          style="width: 38%;"
        />
        <ul
          class="ant-skeleton-paragraph"
        >
          <li />
          <li />
          <li
            style="width: 61%;"
          />
        </ul>
      </div>
    </div>
    <div
      class="ant-skeleton ant-skeleton-active css-dev-only-do-not-override-1261szd"
    >
      <div
        class="ant-skeleton-content"
      >
        <h3
          class="ant-skeleton-title"
          style="width: 38%;"
        />
        <ul
          class="ant-skeleton-paragraph"
        >
          <li />
          <li />
          <li
            style="width: 61%;"
          />
        </ul>
      </div>
    </div>
    <div
      class="ant-skeleton ant-skeleton-active css-dev-only-do-not-override-1261szd"
    >
      <div
        class="ant-skeleton-content"
      >
        <h3
          class="ant-skeleton-title"
          style="width: 38%;"
        />
        <ul
          class="ant-skeleton-paragraph"
        >
          <li />
          <li />
          <li
            style="width: 61%;"
          />
        </ul>
      </div>
    </div>
  </div>
</DocumentFragment>
`;
